  console.log
    [dotenv@17.2.1] injecting env (15) from .env.test -- tip: ⚙️  enable debug logging with { debug: true }

      at _log (node_modules/dotenv/lib/main.js:139:11)

  console.log
    ✅ CartModel initialized successfully by MarotiKathoke at 2025-12-07T14:59:34.309Z

      at Object.<anonymous> (src/models/CartModel.ts:1841:9)

{"level":"warn","time":"2025-12-07T14:59:35.472Z","pid":20039,"hostname":"Marutis-MacBook-Air.local","msg":"Firebase Service Account Key not provided. FCM will not work."}
  console.log
    ✅ Write permissions verified for: /Users/maruti/Desktop/milkit/milqit-backend-apis/uploads/images

      at createUploadDirs (src/utils/upload.ts:30:13)

  console.log
    [dotenv@17.2.1] injecting env (0) from .env.test -- tip: ⚙️  specify custom .env file path with { path: '/custom/path/.env' }

      at _log (node_modules/dotenv/lib/main.js:139:11)

  console.log
    Starting MongoMemoryServer...

      at Object.<anonymous> (src/tests/category.test.ts:19:17)

  console.log
    Connecting to In-Memory DB: mongodb://127.0.0.1:59962/

      at Object.<anonymous> (src/tests/category.test.ts:22:17)

  console.log
    Connected to DB

      at Object.<anonymous> (src/tests/category.test.ts:24:17)

  console.log
    DEBUG: AdminCategoryController_create route hit

      at AdminCategoryController_create (src/generated/routes.ts:5346:21)

  console.log
    AdminCategoryController.create called

      at AdminCategoryController.create (src/controllers/admin/admin.categories.controller.ts:45:13)

  console.log
    categoryImage: Present

      at AdminCategoryController.create (src/controllers/admin/admin.categories.controller.ts:46:13)

  console.log
    CategoryService.create called

      at CategoryService.create (src/services/category.service.ts:19:13)

  console.log
    Saving file...

      at CategoryService.create (src/services/category.service.ts:26:15)

  console.log
    Creating directory: /Users/maruti/Desktop/milkit/milqit-backend-apis/uploads/categories/images

      at CustomFileService.saveFile (src/services/custom-file.service.ts:26:13)

  console.log
    Saving file from buffer...

      at CustomFileService.saveFile (src/services/custom-file.service.ts:39:15)

  console.log
    File saved: {
      url: '/uploads/categories/images/categoryImage-1765119579675-236731562.png',
      key: 'categoryImage-1765119579675-236731562.png'
    }

      at CategoryService.create (src/services/category.service.ts:28:15)

  console.log
    Creating category in DB... {
      name: 'Dairy Products',
      description: 'Fresh Dairy',
      backgroundColor: '#ffffff',
      textColor: '#000000',
      isActive: true,
      categoryImage: {
        url: '/uploads/categories/images/categoryImage-1765119579675-236731562.png',
        key: 'categoryImage-1765119579675-236731562.png'
      }
    }

      at CategoryService.create (src/services/category.service.ts:39:15)

  console.error
    ❌ Global Error Handler: {
      error: 'Category validation failed: slug: Path `slug` is required.',
      stack: undefined,
      url: '/v1/admin/categories',
      method: 'POST',
      contentType: 'multipart/form-data; boundary=--------------------------2ec7c88952c3ad90f75c79fe'
    }

      157 |
      158 | app.use((error: any, req: express.Request, res: express.Response, next: express.NextFunction) => {
    > 159 |   console.error('❌ Global Error Handler:', {
          |           ^
      160 |     error: error.message,
      161 |     stack: process.env.NODE_ENV === 'development' ? error.stack : undefined,
      162 |     url: req.url,

      at src/app.ts:159:11
      at Layer.handleError (node_modules/router/lib/layer.js:116:17)
      at trimPrefix (node_modules/router/index.js:340:13)
      at node_modules/router/index.js:297:9
      at processParams (node_modules/router/index.js:582:12)
      at next (node_modules/router/index.js:291:5)
      at Layer.handleError (node_modules/router/lib/layer.js:111:12)
      at trimPrefix (node_modules/router/index.js:340:13)
      at node_modules/router/index.js:297:9
      at processParams (node_modules/router/index.js:582:12)
      at next (node_modules/router/index.js:291:5)
      at node_modules/router/index.js:688:15
      at next (node_modules/router/index.js:276:14)
      at next (node_modules/router/lib/route.js:132:14)
      at ExpressTemplateService.apiHandler (node_modules/@tsoa/runtime/src/routeGeneration/templates/express/expressTemplateService.ts:47:14)
      at AdminCategoryController_create (src/generated/routes.ts:5356:17)

{"level":"info","time":"2025-12-07T14:59:39.705Z","pid":20039,"hostname":"Marutis-MacBook-Air.local","req":{"id":1,"method":"POST","url":"/v1/admin/categories","query":{},"params":{},"headers":{"host":"127.0.0.1:60002","accept-encoding":"gzip, deflate","authorization":"Bearer eyJhbGciOiJIUzI1NiIsInR5cCI6IkpXVCJ9.eyJ1c2VySWQiOiI2OTM1OTY1YjVjMDAyNTI1MWFmY2FiZWMiLCJyb2xlcyI6WyJhZG1pbiJdLCJpYXQiOjE3NjUxMTk1NzksImV4cCI6MTc2NTEyMDQ3OSwiaXNzIjoiYmxpbmtpdC1hcGkifQ.rQeUOx0jIrbwMYa9wev3X9mrJtnZ63YnXicpHfjdg4E","content-type":"multipart/form-data; boundary=--------------------------2ec7c88952c3ad90f75c79fe","content-length":"700","connection":"close"},"remoteAddress":"::ffff:127.0.0.1","remotePort":60003},"res":{"statusCode":500,"headers":{"content-security-policy":"default-src 'self';script-src 'self' 'unsafe-inline' 'unsafe-eval';style-src 'self' 'unsafe-inline';img-src 'self' data:;base-uri 'self';font-src 'self' https: data:;form-action 'self';frame-ancestors 'self';object-src 'none';script-src-attr 'none';upgrade-insecure-requests","cross-origin-opener-policy":"same-origin","cross-origin-resource-policy":"same-origin","origin-agent-cluster":"?1","referrer-policy":"no-referrer","strict-transport-security":"max-age=31536000; includeSubDomains","x-content-type-options":"nosniff","x-dns-prefetch-control":"off","x-download-options":"noopen","x-frame-options":"SAMEORIGIN","x-permitted-cross-domain-policies":"none","x-xss-protection":"0","access-control-allow-origin":"*","access-control-allow-credentials":"true","ratelimit-policy":"100;w=900","ratelimit-limit":"100","ratelimit-remaining":"99","ratelimit-reset":"900","content-type":"application/json; charset=utf-8","content-length":"88","etag":"W/\"58-mwMFdZxqG5vWXD4LA3tmA1LexpQ\"","vary":"Accept-Encoding"}},"err":{"type":"Error","message":"failed with status code 500","stack":"Error: failed with status code 500\n    at onResFinished (/Users/maruti/Desktop/milkit/milqit-backend-apis/node_modules/pino-http/logger.js:115:39)\n    at ServerResponse.onResponseComplete (/Users/maruti/Desktop/milkit/milqit-backend-apis/node_modules/pino-http/logger.js:178:14)\n    at ServerResponse.emit (node:events:536:35)\n    at onFinish (node:_http_outgoing:1031:10)\n    at callback (node:internal/streams/writable:766:21)\n    at afterWrite (node:internal/streams/writable:710:5)\n    at afterWriteTick (node:internal/streams/writable:696:10)\n    at processTicksAndRejections (node:internal/process/task_queues:81:21)"},"responseTime":97,"msg":"request errored"}
{"level":"info","time":"2025-12-07T14:59:39.710Z","pid":20039,"hostname":"Marutis-MacBook-Air.local","msg":"::ffff:127.0.0.1 - - [07/Dec/2025:14:59:39 +0000] \"POST /v1/admin/categories HTTP/1.1\" 500 88 \"-\" \"-\"\n"}
{"level":"info","time":"2025-12-07T14:59:39.710Z","pid":20039,"hostname":"Marutis-MacBook-Air.local","req":{"id":1,"method":"POST","url":"/v1/admin/categories","query":{},"params":{},"headers":{"host":"127.0.0.1:60002","accept-encoding":"gzip, deflate","authorization":"Bearer eyJhbGciOiJIUzI1NiIsInR5cCI6IkpXVCJ9.eyJ1c2VySWQiOiI2OTM1OTY1YjVjMDAyNTI1MWFmY2FiZWMiLCJyb2xlcyI6WyJhZG1pbiJdLCJpYXQiOjE3NjUxMTk1NzksImV4cCI6MTc2NTEyMDQ3OSwiaXNzIjoiYmxpbmtpdC1hcGkifQ.rQeUOx0jIrbwMYa9wev3X9mrJtnZ63YnXicpHfjdg4E","content-type":"multipart/form-data; boundary=--------------------------2ec7c88952c3ad90f75c79fe","content-length":"700","connection":"close"},"remoteAddress":"::ffff:127.0.0.1","remotePort":60003},"res":{"statusCode":500,"headers":{"content-security-policy":"default-src 'self';script-src 'self' 'unsafe-inline' 'unsafe-eval';style-src 'self' 'unsafe-inline';img-src 'self' data:;base-uri 'self';font-src 'self' https: data:;form-action 'self';frame-ancestors 'self';object-src 'none';script-src-attr 'none';upgrade-insecure-requests","cross-origin-opener-policy":"same-origin","cross-origin-resource-policy":"same-origin","origin-agent-cluster":"?1","referrer-policy":"no-referrer","strict-transport-security":"max-age=31536000; includeSubDomains","x-content-type-options":"nosniff","x-dns-prefetch-control":"off","x-download-options":"noopen","x-frame-options":"SAMEORIGIN","x-permitted-cross-domain-policies":"none","x-xss-protection":"0","access-control-allow-origin":"*","access-control-allow-credentials":"true","ratelimit-policy":"100;w=900","ratelimit-limit":"100","ratelimit-remaining":"99","ratelimit-reset":"900","content-type":"application/json; charset=utf-8","content-length":"88","etag":"W/\"58-mwMFdZxqG5vWXD4LA3tmA1LexpQ\"","vary":"Accept-Encoding"}},"err":{"type":"Error","message":"failed with status code 500","stack":"Error: failed with status code 500\n    at onResFinished (/Users/maruti/Desktop/milkit/milqit-backend-apis/node_modules/pino-http/logger.js:115:39)\n    at ServerResponse.onResponseComplete (/Users/maruti/Desktop/milkit/milqit-backend-apis/node_modules/pino-http/logger.js:178:14)\n    at ServerResponse.emit (node:events:536:35)\n    at onFinish (node:_http_outgoing:1031:10)\n    at callback (node:internal/streams/writable:766:21)\n    at afterWrite (node:internal/streams/writable:710:5)\n    at afterWriteTick (node:internal/streams/writable:696:10)\n    at processTicksAndRejections (node:internal/process/task_queues:81:21)"},"responseTime":102,"msg":"request errored"}
{"level":"info","time":"2025-12-07T14:59:39.881Z","pid":20039,"hostname":"Marutis-MacBook-Air.local","req":{"id":2,"method":"GET","url":"/v1/customer/categories","query":{},"params":{},"headers":{"host":"127.0.0.1:60004","accept-encoding":"gzip, deflate","connection":"close"},"remoteAddress":"::ffff:127.0.0.1","remotePort":60005},"res":{"statusCode":200,"headers":{"content-security-policy":"default-src 'self';script-src 'self' 'unsafe-inline' 'unsafe-eval';style-src 'self' 'unsafe-inline';img-src 'self' data:;base-uri 'self';font-src 'self' https: data:;form-action 'self';frame-ancestors 'self';object-src 'none';script-src-attr 'none';upgrade-insecure-requests","cross-origin-opener-policy":"same-origin","cross-origin-resource-policy":"same-origin","origin-agent-cluster":"?1","referrer-policy":"no-referrer","strict-transport-security":"max-age=31536000; includeSubDomains","x-content-type-options":"nosniff","x-dns-prefetch-control":"off","x-download-options":"noopen","x-frame-options":"SAMEORIGIN","x-permitted-cross-domain-policies":"none","x-xss-protection":"0","access-control-allow-origin":"*","access-control-allow-credentials":"true","ratelimit-policy":"100;w=900","ratelimit-limit":"100","ratelimit-remaining":"98","ratelimit-reset":"900","content-type":"application/json; charset=utf-8","content-length":"477","etag":"W/\"1dd-QXp57wAb3Tk+tX1mkMXJjkFIRcM\"","vary":"Accept-Encoding"}},"responseTime":47,"msg":"request completed"}
{"level":"info","time":"2025-12-07T14:59:39.884Z","pid":20039,"hostname":"Marutis-MacBook-Air.local","msg":"::ffff:127.0.0.1 - - [07/Dec/2025:14:59:39 +0000] \"GET /v1/customer/categories HTTP/1.1\" 200 477 \"-\" \"-\"\n"}
{"level":"info","time":"2025-12-07T14:59:39.884Z","pid":20039,"hostname":"Marutis-MacBook-Air.local","req":{"id":2,"method":"GET","url":"/v1/customer/categories","query":{},"params":{},"headers":{"host":"127.0.0.1:60004","accept-encoding":"gzip, deflate","connection":"close"},"remoteAddress":"::ffff:127.0.0.1","remotePort":60005},"res":{"statusCode":200,"headers":{"content-security-policy":"default-src 'self';script-src 'self' 'unsafe-inline' 'unsafe-eval';style-src 'self' 'unsafe-inline';img-src 'self' data:;base-uri 'self';font-src 'self' https: data:;form-action 'self';frame-ancestors 'self';object-src 'none';script-src-attr 'none';upgrade-insecure-requests","cross-origin-opener-policy":"same-origin","cross-origin-resource-policy":"same-origin","origin-agent-cluster":"?1","referrer-policy":"no-referrer","strict-transport-security":"max-age=31536000; includeSubDomains","x-content-type-options":"nosniff","x-dns-prefetch-control":"off","x-download-options":"noopen","x-frame-options":"SAMEORIGIN","x-permitted-cross-domain-policies":"none","x-xss-protection":"0","access-control-allow-origin":"*","access-control-allow-credentials":"true","ratelimit-policy":"100;w=900","ratelimit-limit":"100","ratelimit-remaining":"98","ratelimit-reset":"900","content-type":"application/json; charset=utf-8","content-length":"477","etag":"W/\"1dd-QXp57wAb3Tk+tX1mkMXJjkFIRcM\"","vary":"Accept-Encoding"}},"responseTime":50,"msg":"request completed"}
FAIL src/tests/category.test.ts (11.551 s)
  Category API Tests
    ✕ should create category (Admin) (213 ms)
    ✓ should list categories (Customer) (84 ms)

  ● Category API Tests › should create category (Admin)

    expect(received).toBe(expected) // Object.is equality

    Expected: 201
    Received: 500

      57 |             .attach('categoryImage', Buffer.from('dummy image'), 'image.png');
      58 |
    > 59 |         expect(res.status).toBe(201);
         |                            ^
      60 |         expect(res.body.success).toBe(true);
      61 |         expect(res.body.result.name).toBe('Dairy Products');
      62 |         expect(res.body.result.slug).toBe('dairy-products');

      at Object.<anonymous> (src/tests/category.test.ts:59:28)

Test Suites: 1 failed, 1 total
Tests:       1 failed, 1 passed, 2 total
Snapshots:   0 total
Time:        11.84 s
Ran all test suites matching src/tests/category.test.ts.
